\BOOKMARK [1][-]{section.1}{\376\377\225\356\230\230\221\315\217\360}{}% 1
\BOOKMARK [2][-]{subsection.1.1}{\376\377\170\024\172\166\200\314\146\157}{section.1}% 2
\BOOKMARK [2][-]{subsection.1.2}{\376\377\225\356\230\230\151\202\217\360}{section.1}% 3
\BOOKMARK [1][-]{section.2}{\376\377\152\041\127\213\120\107\213\276}{}% 4
\BOOKMARK [1][-]{section.3}{\376\377\173\046\123\367\213\364\146\016}{}% 5
\BOOKMARK [1][-]{section.4}{\376\377\225\356\230\230\116\000\377\032\121\170\127\213\230\316\121\111\127\072\146\157\116\013\176\377\165\065\166\364\217\336\143\007\150\007\122\006\147\220}{}% 6
\BOOKMARK [2][-]{subsection.4.1}{\376\377\225\356\230\230\122\006\147\220}{section.4}% 7
\BOOKMARK [2][-]{subsection.4.2}{\376\377\152\041\127\213\136\372\172\313}{section.4}% 8
\BOOKMARK [3][-]{subsubsection.4.2.1}{\376\377\213\276\131\007\123\302\145\160\170\156\133\232}{subsection.4.2}% 9
\BOOKMARK [3][-]{subsubsection.4.2.2}{\376\377\122\237\163\207\136\163\210\141\145\271\172\013}{subsection.4.2}% 10
\BOOKMARK [3][-]{subsubsection.4.2.3}{\376\377\165\065\221\317\116\016\143\007\150\007\213\241\173\227}{subsection.4.2}% 11
\BOOKMARK [3][-]{subsubsection.4.2.4}{\376\377\124\050\154\050\142\020\147\054\152\041\127\213}{subsection.4.2}% 12
\BOOKMARK [2][-]{subsection.4.3}{\376\377\154\102\211\343\176\323\147\234}{section.4}% 13
\BOOKMARK [3][-]{subsubsection.4.3.1}{\376\377\122\237\163\207\146\362\176\277\122\006\147\220}{subsection.4.3}% 14
\BOOKMARK [3][-]{subsubsection.4.3.2}{\376\377\165\065\221\317\143\007\150\007\116\016\176\377\165\065\143\007\150\007}{subsection.4.3}% 15
\BOOKMARK [2][-]{subsection.4.4}{\376\377\143\007\150\007\116\015\156\341\215\263\123\237\126\340\122\006\147\220}{section.4}% 16
\BOOKMARK [1][-]{section.5}{\376\377\225\356\230\230\116\214\377\032\127\372\116\216\171\273\145\143\122\066\154\050\214\003\202\202\166\204\217\320\210\114\117\030\123\026}{}% 17
\BOOKMARK [2][-]{subsection.5.1}{\376\377\225\356\230\230\122\006\147\220}{section.5}% 18
\BOOKMARK [2][-]{subsection.5.2}{\376\377\152\041\127\213\136\372\172\313}{section.5}% 19
\BOOKMARK [3][-]{subsubsection.5.2.1}{\376\377\123\302\145\160\146\364\145\260}{subsection.5.2}% 20
\BOOKMARK [3][-]{subsubsection.5.2.2}{\376\377\117\030\123\026\152\041\127\213}{subsection.5.2}% 21
\BOOKMARK [3][-]{subsubsection.5.2.3}{\376\377\215\052\137\303\143\222\136\217\173\227\154\325}{subsection.5.2}% 22
\BOOKMARK [2][-]{subsection.5.3}{\376\377\121\170\127\213\127\072\146\157\154\102\211\343\176\323\147\234}{section.5}% 23
\BOOKMARK [2][-]{subsection.5.4}{\376\377\0002\0004\171\315\127\072\146\157\121\150\136\164\122\006\147\220}{section.5}% 24
\BOOKMARK [1][-]{section.6}{\376\377\225\356\230\230\116\011\377\032\127\372\116\216\217\336\176\355\122\066\154\050\214\003\202\202\166\204\217\320\210\114\117\030\123\026}{}% 25
\BOOKMARK [2][-]{subsection.6.1}{\376\377\225\356\230\230\122\006\147\220}{section.6}% 26
\BOOKMARK [2][-]{subsection.6.2}{\376\377\152\041\127\213\136\372\172\313}{section.6}% 27
\BOOKMARK [3][-]{subsubsection.6.2.1}{\376\377\121\263\173\126\123\330\221\317\116\016\176\246\147\137}{subsection.6.2}% 28
\BOOKMARK [3][-]{subsubsection.6.2.2}{\376\377\176\277\140\047\211\304\122\022\217\154\123\026}{subsection.6.2}% 29
\BOOKMARK [2][-]{subsection.6.3}{\376\377\121\170\127\213\127\072\146\157\154\102\211\343\176\323\147\234}{section.6}% 30
\BOOKMARK [2][-]{subsection.6.4}{\376\377\0002\0004\171\315\127\072\146\157\121\150\136\164\122\006\147\220}{section.6}% 31
\BOOKMARK [2][-]{subsection.6.5}{\376\377\116\016\225\356\230\230\116\214\133\371\153\324\122\006\147\220}{section.6}% 32
\BOOKMARK [1][-]{section.7}{\376\377\225\356\230\230\126\333\377\032\171\273\177\121\217\320\210\114\123\312\120\250\200\375\221\115\177\156\170\024\172\166}{}% 33
\BOOKMARK [2][-]{subsection.7.1}{\376\377\225\356\230\230\122\006\147\220}{section.7}% 34
\BOOKMARK [2][-]{subsection.7.2}{\376\377\133\120\225\356\230\230\000\050\0001\000\051\377\032\145\340\120\250\200\375\171\273\177\121\217\320\210\114}{section.7}% 35
\BOOKMARK [3][-]{subsubsection.7.2.1}{\376\377\152\041\127\213\136\372\172\313}{subsection.7.2}% 36
\BOOKMARK [3][-]{subsubsection.7.2.2}{\376\377\154\102\211\343\176\323\147\234}{subsection.7.2}% 37
\BOOKMARK [2][-]{subsection.7.3}{\376\377\133\120\225\356\230\230\000\050\0002\000\051\377\032\120\250\200\375\221\115\177\156\117\030\123\026}{section.7}% 38
\BOOKMARK [3][-]{subsubsection.7.3.1}{\376\377\152\041\127\213\136\372\172\313}{subsection.7.3}% 39
\BOOKMARK [3][-]{subsubsection.7.3.2}{\376\377\154\102\211\343\176\323\147\234}{subsection.7.3}% 40
\BOOKMARK [2][-]{subsection.7.4}{\376\377\133\120\225\356\230\230\000\050\0003\000\051\377\032\171\273\177\121\116\016\200\124\177\121\176\317\155\116\140\047\133\371\153\324}{section.7}% 41
\BOOKMARK [1][-]{section.8}{\376\377\225\356\230\230\116\224\377\032\176\377\165\065\166\364\217\336\126\355\123\072\133\371\165\065\122\233\174\373\176\337\166\204\137\161\124\315\123\312\145\077\173\126\136\372\213\256}{}% 42
\BOOKMARK [2][-]{subsection.8.1}{\376\377\225\356\230\230\122\006\147\220}{section.8}% 43
\BOOKMARK [2][-]{subsection.8.2}{\376\377\147\011\122\051\137\161\124\315\122\006\147\220}{section.8}% 44
\BOOKMARK [3][-]{subsubsection.8.2.1}{\376\377\117\303\217\333\145\260\200\375\156\220\134\061\127\060\155\210\176\263}{subsection.8.2}% 45
\BOOKMARK [3][-]{subsubsection.8.2.2}{\376\377\226\115\117\116\165\065\177\121\217\223\221\115\165\065\123\213\122\233}{subsection.8.2}% 46
\BOOKMARK [3][-]{subsubsection.8.2.3}{\376\377\143\320\117\233\160\165\155\073\140\047\214\003\202\202\215\104\156\220}{subsection.8.2}% 47
\BOOKMARK [2][-]{subsection.8.3}{\376\377\116\015\122\051\137\161\124\315\122\006\147\220}{section.8}% 48
\BOOKMARK [3][-]{subsubsection.8.3.1}{\376\377\122\112\137\061\165\065\177\121\123\357\214\003\136\246\215\104\156\220\154\140}{subsection.8.3}% 49
\BOOKMARK [3][-]{subsubsection.8.3.2}{\376\377\130\236\122\240\165\065\177\121\217\320\210\114\116\015\170\156\133\232\140\047}{subsection.8.3}% 50
\BOOKMARK [3][-]{subsubsection.8.3.3}{\376\377\116\244\123\311\210\145\215\064\116\016\142\020\147\054\217\154\132\301}{subsection.8.3}% 51
\BOOKMARK [2][-]{subsection.8.4}{\376\377\145\077\173\126\136\372\213\256}{section.8}% 52
\BOOKMARK [1][-]{section.9}{\376\377\160\165\145\117\136\246\122\006\147\220\116\016\152\041\127\213\150\300\232\214}{}% 53
\BOOKMARK [2][-]{subsection.9.1}{\376\377\160\165\145\117\136\246\122\006\147\220}{section.9}% 54
\BOOKMARK [2][-]{subsection.9.2}{\376\377\152\041\127\213\150\300\232\214}{section.9}% 55
\BOOKMARK [3][-]{subsubsection.9.2.1}{\376\377\200\375\221\317\133\210\140\122\232\214\213\301}{subsection.9.2}% 56
\BOOKMARK [3][-]{subsubsection.9.2.2}{\376\377\220\022\217\333\140\047\232\214\213\301}{subsection.9.2}% 57
\BOOKMARK [3][-]{subsubsection.9.2.3}{\376\377\217\271\165\114\147\141\116\366\232\214\213\301}{subsection.9.2}% 58
\BOOKMARK [3][-]{subsubsection.9.2.4}{\376\377\145\160\120\074\221\317\176\247\124\010\164\006\140\047}{subsection.9.2}% 59
\BOOKMARK [1][-]{section.10}{\376\377\152\041\127\213\213\304\116\367\116\016\143\250\136\177}{}% 60
\BOOKMARK [2][-]{subsection.10.1}{\376\377\152\041\127\213\117\030\160\271}{section.10}% 61
\BOOKMARK [2][-]{subsection.10.2}{\376\377\152\041\127\213\134\100\226\120\140\047}{section.10}% 62
\BOOKMARK [2][-]{subsection.10.3}{\376\377\152\041\127\213\143\250\136\177}{section.10}% 63
\BOOKMARK [1][-]{section*.30}{\376\377\000A\000p\000p\000e\000n\000d\000i\000c\000e\000s}{}% 64
\BOOKMARK [1][-]{appendix.a.A}{\376\377\226\104\137\125\000\040\150\070\137\303\116\343\170\001}{}% 65
\BOOKMARK [2][-]{subsection.a.A.1}{\376\377\225\356\230\230\116\000\377\032\122\237\163\207\136\163\210\141\213\241\173\227}{appendix.a.A}% 66
\BOOKMARK [2][-]{subsection.a.A.2}{\376\377\225\356\230\230\116\214\377\032\215\052\137\303\143\222\136\217\117\030\123\026}{appendix.a.A}% 67
\BOOKMARK [2][-]{subsection.a.A.3}{\376\377\225\356\230\230\116\011\377\032\176\277\140\047\211\304\122\022\154\102\211\343}{appendix.a.A}% 68
\BOOKMARK [2][-]{subsection.a.A.4}{\376\377\225\356\230\230\126\333\377\032\171\273\177\121\120\250\200\375\117\030\123\026}{appendix.a.A}% 69
